// Jest Snapshot v1, https://goo.gl/fbAQLP

exports[`With Snapshot Testing Index Page shows as the snapshot 1`] = `
<div>
  <div
    className="header"
  >
    <div
      className="top-nav"
    >
      <div
        className="container"
      >
        <div
          className="top-nav__rightside"
        >
          <ul>
            <li>
              <a
                href="/en/signIn"
                onClick={[Function]}
              >
                <span>
                  Sign In
                </span>
              </a>
            </li>
            <li>
              <a
                href="/en/signUp"
                onClick={[Function]}
              >
                <span>
                  Sing Up
                </span>
              </a>
            </li>
          </ul>
          <div
            className="select"
          >
            <select
              defaultValue="en"
              onChange={[Function]}
            >
              <option>
                Language
              </option>
              <option
                value="en"
              >
                English - UK
              </option>
              <option
                value="de"
              >
                Deutsche - DE
              </option>
            </select>
          </div>
        </div>
        <ul>
          <li>
            <a
              href="/en/page/about-us"
              onClick={[Function]}
            >
              <span>
                About us
              </span>
            </a>
          </li>
          <li>
            <a
              href="/en/page/contact-us"
              onClick={[Function]}
            >
              <span>
                Contact us
              </span>
            </a>
          </li>
          <li>
            <a
              href="/en/page/accreditation-organizations"
              onClick={[Function]}
            >
              <span>
                Accreditation Organizations
              </span>
            </a>
          </li>
          <li>
            <a
              href="/en/page/services"
              onClick={[Function]}
            >
              <span>
                Our Services
              </span>
            </a>
          </li>
        </ul>
      </div>
    </div>
    <div
      className="main-nav"
    >
      <div
        className="container"
      >
        <div
          className="main-nav__container"
        >
          <div
            className="main-nav__logo is-hidden-desktop"
          >
            <a
              href="/en/"
              onClick={[Function]}
            >
              <img
                alt="daily baraka logo"
                src="/static/images/logo-small.png"
              />
            </a>
          </div>
          <ul>
            <li>
              <a
                href="/en/local-stores"
                onClick={[Function]}
              >
                <span>
                  Local Stores
                </span>
              </a>
            </li>
            <li>
              <a
                href="/en/sectors"
                onClick={[Function]}
              >
                <span>
                  Sectors
                </span>
              </a>
            </li>
            <li>
              <a
                href="/en/commercial-enquiries"
                onClick={[Function]}
              >
                <span>
                  Commercial Enquiries
                </span>
              </a>
            </li>
          </ul>
        </div>
      </div>
    </div>
    <div
      className="mob-nav"
    >
      <nav
        aria-label="main navigation"
        className="navbar"
        role="navigation"
      >
        <div
          className="navbar-brand"
        >
          <a
            className="navbar-item"
            href="/undefined/"
            onClick={[Function]}
          >
            <img
              alt="Daily Baraka"
              src="/static/images/logo.png"
            />
          </a>
          <a
            aria-expanded="false"
            aria-label="menu"
            className="navbar-burger"
            onClick={[Function]}
            role="button"
          >
            <span
              aria-hidden="true"
            />
            <span
              aria-hidden="true"
            />
            <span
              aria-hidden="true"
            />
          </a>
        </div>
      </nav>
      <div
        className="navbar-menu false"
        id="navMenu"
      >
        <ul>
          <li>
            <a
              href="/undefined/signIn"
              onClick={[Function]}
            >
              <span>
                Sign In
              </span>
            </a>
          </li>
          <li>
            <a
              href="/undefined/signUp"
              onClick={[Function]}
            >
              <span>
                Sign Up
              </span>
            </a>
          </li>
          <li>
            <a
              href="/undefined/local-stores"
              onClick={[Function]}
            >
              <span>
                Local Stores
              </span>
            </a>
          </li>
          <li>
            <a
              href="/undefined/sectors"
              onClick={[Function]}
            >
              <span>
                Sectors
              </span>
            </a>
          </li>
          <li>
            <a
              href="/undefined/commercial-enquiries"
              onClick={[Function]}
            >
              <span>
                Commercial Enquiries
              </span>
            </a>
          </li>
          <li>
            <a
              href="/undefined/page/about-us"
              onClick={[Function]}
            >
              <span>
                About Us
              </span>
            </a>
          </li>
          <li>
            <a
              href="/undefined/page/contact-us"
              onClick={[Function]}
            >
              <span>
                Contact Us
              </span>
            </a>
          </li>
          <li>
            <a
              href="/undefined/page/accreditation-organizations"
              onClick={[Function]}
            >
              <span>
                Accreditation Organizations
              </span>
            </a>
          </li>
        </ul>
      </div>
    </div>
  </div>
  <div
    className="page home"
  >
    <div
      className="container"
    >
      <img
        alt="daily baraka logo"
        className="home__logo"
        src="/static/images/logo-lg.png"
      />
      <div
        className="home__search"
      >
        <form
          action="/search"
          method="get"
        >
          <div
            className="field has-addons"
          >
            <p
              className="control"
            >
              <span
                className="select"
              >
                <select
                  className="home__sectors"
                  name="sector"
                >
                  <option
                    defaultValue={true}
                    value="all"
                  >
                    All
                  </option>
                </select>
              </span>
            </p>
            <p
              className="control search-input"
            >
              <input
                className="input"
                name="q"
                placeholder="Search"
                type="search"
              />
            </p>
            <p
              className="control"
            >
              <button
                className="button"
                type="submit"
              >
                <i
                  className="fas fa-search"
                />
              </button>
            </p>
          </div>
        </form>
      </div>
    </div>
  </div>
</div>
`;
